00:10
00:00 1 c1
00:00 13 NotOpenYet
00:01 2 c1 1
00:01 13 ClientUnknown
00:02 3 c1
00:02 13 ClientUnknown
00:03 4 c1
00:03 13 ClientUnknown
00:11 1 c1
00:11 2 c1 1
00:12 1 c2
00:12 1 c3
00:12 2 c2 2
00:12 2 c1 1
00:12 13 PlaceIsBusy
00:12 2 c3 2
00:12 13 PlaceIsBusy
00:12 3 c3
00:13 1 c4
00:13 3 c4
00:14 1 c5
00:14 3 c5
00:14 11 c5
00:15 4 c1
00:15 12 c3 1
00:16 1 c6
00:16 3 c6
00:17 4 c2
00:17 12 c4 2
00:18 4 c3
00:18 12 c6 1
00:18 4 c4
23:59 11 c6
23:59
1 2600 23:48
2 200 00:06
