00:00
00:00 1 aboba
00:00 1 boba
00:00 2 aboba 1
00:00 2 boba 1
00:00 13 PlaceIsBusy
00:00 3 boba
00:05 4 aboba
00:05 12 boba 1
00:06 2 aboba 1
00:06 13 ClientUnknown
00:06 1 aboba
00:06 2 aboba 1
00:06 13 PlaceIsBusy
00:10 11 aboba
00:10 11 boba
00:10
1 200 00:10
